// Jest Snapshot v1, https://goo.gl/fbAQLP

exports[`literals should match the snapshot 1`] = `
{
  "GET_NEWS_FAILURE": "GET_NEWS_FAILURE",
  "GET_NEWS_REQUEST": "GET_NEWS_REQUEST",
  "GET_NEWS_SUCCESS": "GET_NEWS_SUCCESS",
  "HIDE_ALERT": "HIDE_ALERT",
  "SET_APP_OPTIONS": "SET_APP_OPTIONS",
  "SHOW_ALERT": "SHOW_ALERT",
}
`;

exports[`literals should match the snapshot 2`] = `
{
  "ERROR": "error",
  "IDLE": "idle",
  "READY": "ready",
  "RUNNING": "running",
  "SUCCESS": "success",
}
`;
