// Jest Snapshot v1, https://goo.gl/fbAQLP

exports[`modules/theme theme should return the theme 1`] = `
{
  "alert": {
    "borderRadius": 0,
    "maxWidth": 450,
    "padding": "10px 12px",
  },
  "badge": {
    "borderRadius": 10,
    "fontSize": 12,
    "fontWeight": 700,
    "lineHeight": 18,
    "padding": 5,
    "size": 20,
    "sizeDot": 10,
  },
  "borderColor": "#ccc",
  "breakpoints": [
    "360px",
    "400px",
    "768px",
    "1024px",
    "1360px",
  ],
  "button": {
    "borderRadius": {
      "lg": 28,
      "md": 0,
      "sm": 0,
      "xl": 32,
      "xs": 4,
    },
    "disabledOpacity": 0.7,
    "fontSize": {
      "lg": 18,
      "md": 16,
      "sm": 14,
      "xl": 22,
      "xs": 12,
    },
    "lineHeight": 1,
    "loader": [Function],
    "padding": {
      "lg": [
        12,
        28,
      ],
      "md": [
        8,
        14,
      ],
      "sm": [
        6,
        10,
      ],
      "xl": [
        14,
        32,
      ],
      "xs": [
        4,
        8,
      ],
    },
    "textTransform": "none",
  },
  "checkbox": {
    "backgroundColor": "#f7f8f9",
    "borderColor": "#ccc",
    "borderRadius": 4,
    "fontSize": {
      "lg": 20,
      "md": 16,
      "sm": 14,
    },
    "sizes": {
      "lg": 20,
      "md": 16,
      "sm": 14,
    },
  },
  "code": {
    "backgroundColor": "#f7f8f9",
    "blockColor": "#676767",
    "blockPadding": 8,
    "border": "1px solid #e5e5e5",
    "borderRadius": 0,
    "color": "#ff4444",
    "fontFamily": "Courier, monospace",
    "padding": 2,
  },
  "colors": {
    "amber": "#FFC107",
    "black": "#000",
    "blue": "#2196F3",
    "brown": "#795548",
    "cyan": "#00BCD4",
    "danger": "#ff4444",
    "dark": "#212121",
    "gray03": "#f7f7f7",
    "gray05": "#f4f4f4",
    "gray10": "#e6e6e6",
    "gray20": "#ccc",
    "gray30": "#b3b3b3",
    "gray40": "#999",
    "gray50": "#808080",
    "gray60": "#666",
    "gray70": "#4d4d4d",
    "gray80": "#333",
    "gray90": "#1a1a1a",
    "green": "#4CAF50",
    "indigo": "#3F51B5",
    "info": "#33b5e5",
    "light": "#f4f4f4",
    "lime": "#CDDC39",
    "orange": "#FF9800",
    "pink": "#E91E63",
    "primary": "#4e4141",
    "purple": "#9C27B0",
    "red": "#f44336",
    "secondary": "#4B515D",
    "success": "#00C851",
    "teal": "#009688",
    "warning": "#fda509",
    "white": "#fff",
    "yellow": "#FFEB3B",
  },
  "complexity": 0,
  "darkColor": "#3C3F41",
  "disabledColor": "#ececec",
  "fieldset": {
    "borderColor": "#ccc",
    "borderRadius": 0,
    "color": "#2E2E2E",
    "marginBottom": 16,
    "padding": 8,
  },
  "fontSizes": [
    10,
    12,
    14,
    16,
    20,
    26,
    32,
    40,
    48,
  ],
  "form": {
    "borderColor": "#ccc",
    "borderRadius": 0,
    "borderWidth": 1,
    "padding": 10,
  },
  "formGroup": {
    "borderColor": "#ccc",
    "borderRadius": 0,
    "helpColor": "#999",
    "helpMarginTop": 4,
    "inlineMargin": 8,
    "marginBottom": 16,
    "padding": 8,
  },
  "headingSizes": {
    "h1": 48,
    "h2": 40,
    "h3": 32,
    "h4": 26,
    "h5": 20,
    "h6": 16,
  },
  "headingWeight": 700,
  "input": {
    "backgroundColor": "#fff",
    "borderColor": "#ccc",
    "borderRadius": 0,
    "borderWidth": 1,
    "color": "#2E2E2E",
    "disabledColor": "#ececec",
    "fontSize": {
      "lg": 20,
      "md": 16,
      "sm": 14,
    },
    "height": {
      "lg": 40,
      "md": 34,
      "sm": 28,
    },
    "lineHeight": 1,
    "padding": {
      "lg": 10,
      "md": 8,
      "sm": 6,
    },
    "requiredColor": "#999",
    "validation": {
      "invalid": "#f00",
      "valid": "#3ac200",
    },
  },
  "label": {
    "color": "#2E2E2E",
    "fontWeight": "normal",
    "inlineFontSize": 14,
    "marginBottom": 4,
  },
  "legend": {
    "color": "#2E2E2E",
    "fontWeight": "normal",
    "marginBottom": 8,
  },
  "lineHeight": 1.4,
  "list": {
    "borderColor": "#ccc",
    "borderRadius": 0,
    "color": "#2E2E2E",
    "padding": {
      "lg": 16,
      "md": 12,
      "sm": 8,
    },
  },
  "mutation": 0,
  "radio": {
    "backgroundColor": "#f7f8f9",
    "borderColor": "#ccc",
    "borderRadius": "50%",
    "fontSize": {
      "lg": 20,
      "md": 16,
      "sm": 14,
    },
    "sizes": {
      "lg": 20,
      "md": 16,
      "sm": 14,
    },
  },
  "seed": "wabi-sabi",
  "select": {
    "backgroundColor": "#fff",
    "borderColor": "#ccc",
    "borderRadius": 0,
    "borderWidth": 1,
    "checkedBgColor": "",
    "color": "#2E2E2E",
    "disabledColor": "#ececec",
    "fontSize": {
      "lg": 20,
      "md": 16,
      "sm": 14,
    },
    "height": {
      "lg": 40,
      "md": 34,
      "sm": 28,
    },
    "lineHeight": 1,
    "padding": {
      "lg": 10,
      "md": 8,
      "sm": 6,
    },
    "requiredColor": "#999",
    "validation": {
      "invalid": "#f00",
      "valid": "#3ac200",
    },
  },
  "space": [
    0,
    4,
    8,
    16,
    32,
    64,
    128,
  ],
  "switchOptions": {
    "innerBorderRadius": "50%",
    "marginLabel": 8,
    "sizes": {
      "lg": {
        "borderRadius": 16,
        "height": 32,
        "space": 3,
        "width": 57,
      },
      "md": {
        "borderRadius": 14,
        "height": 26,
        "space": 3,
        "width": 47,
      },
      "sm": {
        "borderRadius": 10,
        "height": 20,
        "space": 3,
        "width": 35,
      },
      "xl": {
        "borderRadius": 20,
        "height": 40,
        "space": 3,
        "width": 74,
      },
      "xs": {
        "borderRadius": 7,
        "height": 14,
        "space": 2,
        "width": 24,
      },
    },
  },
  "table": {
    "borderColors": {
      "primary": "#ccc",
      "secondary": "#32383e",
    },
    "captionColor": "#ccc",
    "captionPadding": 6,
    "colors": {
      "primary": "#fff",
      "secondary": "#000",
    },
    "headColors": {
      "dark": "#000",
      "light": "#f4f4f4",
    },
    "padding": {
      "lg": 18,
      "md": 12,
      "sm": 6,
    },
    "stripedColors": {
      "primary": "#ededed",
      "secondary": "#262626",
    },
  },
  "textColor": "#2E2E2E",
  "textarea": {
    "backgroundColor": "#fff",
    "borderColor": "#ccc",
    "borderRadius": 0,
    "borderWidth": 1,
    "color": "#2E2E2E",
    "disabledColor": "#ececec",
    "fontSize": {
      "lg": 20,
      "md": 16,
      "sm": 14,
    },
    "height": {
      "lg": 40,
      "md": 34,
      "sm": 28,
    },
    "lineHeight": 1.4,
    "padding": {
      "lg": 10,
      "md": 8,
      "sm": 6,
    },
    "requiredColor": "#999",
    "validation": {
      "invalid": "#f00",
      "valid": "#3ac200",
    },
  },
}
`;

exports[`modules/theme variants should return the variants 1`] = `
{
  "amber": "#FFC107",
  "black": "#000",
  "blue": "#2196F3",
  "brown": "#795548",
  "cyan": "#00BCD4",
  "danger": "#ff4444",
  "dark": "#212121",
  "gray03": "#f7f7f7",
  "gray05": "#f4f4f4",
  "gray10": "#e6e6e6",
  "gray20": "#ccc",
  "gray30": "#b3b3b3",
  "gray40": "#999",
  "gray50": "#808080",
  "gray60": "#666",
  "gray70": "#4d4d4d",
  "gray80": "#333",
  "gray90": "#1a1a1a",
  "green": "#4CAF50",
  "indigo": "#3F51B5",
  "info": "#33b5e5",
  "light": "#f4f4f4",
  "lime": "#CDDC39",
  "orange": "#FF9800",
  "pink": "#E91E63",
  "primary": "#4e4141",
  "purple": "#9C27B0",
  "red": "#f44336",
  "secondary": "#4B515D",
  "success": "#00C851",
  "teal": "#009688",
  "warning": "#fda509",
  "white": "#fff",
  "yellow": "#FFEB3B",
}
`;
