// Jest Snapshot v1, https://goo.gl/fbAQLP

exports[`src/index should have mounted the app 1`] = `""`;
