// Jest Snapshot v1, https://goo.gl/fbAQLP

exports[`store should be able to create a new store 1`] = `
{
  "_persist": {
    "rehydrated": false,
    "version": -1,
  },
  "alerts": {
    "data": [],
  },
  "news": {
    "isLoading": false,
    "news": [],
  },
}
`;
