// Jest Snapshot v1, https://goo.gl/fbAQLP

exports[`Button should render properly 1`] = `
<button
  data-testid="button"
  type="button"
>
  Click me
</button>
`;
