// Jest Snapshot v1, https://goo.gl/fbAQLP

exports[`selectors/news should return loading status 1`] = `false`;

exports[`selectors/news should return the hacker news 1`] = `[]`;
